// Jest Snapshot v1, https://goo.gl/fbAQLP

exports[`renders correctly 1`] = `
Object {
  "children": Array [
    Object {
      "identifier": "QtQuick",
      "kind": "Import",
      "loc": Object {
        "end": Object {
          "column": 18,
          "line": 1,
          "offset": 18,
        },
        "start": Object {
          "column": 0,
          "line": 1,
          "offset": 0,
        },
      },
      "version": "2.0",
    },
    Object {
      "children": Array [
        Object {
          "identifier": "color",
          "kind": "Attribute",
          "loc": Object {
            "end": Object {
              "column": 3,
              "line": 9,
              "offset": 99,
            },
            "start": Object {
              "column": 2,
              "line": 5,
              "offset": 35,
            },
          },
          "value": Object {
            "kind": "JavascriptBlock",
            "loc": Object {
              "end": Object {
                "column": 3,
                "line": 9,
                "offset": 99,
              },
              "start": Object {
                "column": 9,
                "line": 5,
                "offset": 42,
              },
            },
            "object": false,
            "value": "{
    var ret = \\"\\";
    ret += \\"red\\";
    return ret;
  }",
          },
        },
      ],
      "identifier": "Rectangle",
      "kind": "ObjectDefinition",
      "loc": Object {
        "end": Object {
          "column": 1,
          "line": 11,
          "offset": 102,
        },
        "start": Object {
          "column": 0,
          "line": 3,
          "offset": 20,
        },
      },
    },
  ],
  "comments": Array [],
  "kind": "Program",
  "loc": Object {
    "end": Object {
      "column": 0,
      "line": 12,
      "offset": 103,
    },
    "start": Object {
      "column": 0,
      "line": 1,
      "offset": 0,
    },
  },
}
`;
