// Jest Snapshot v1, https://goo.gl/fbAQLP

exports[`renders correctly 1`] = `
Object {
  "children": Array [
    Object {
      "identifier": "QtQuick",
      "kind": "Import",
      "loc": Object {
        "end": Object {
          "column": 18,
          "line": 1,
          "offset": 18,
        },
        "start": Object {
          "column": 0,
          "line": 1,
          "offset": 0,
        },
      },
      "version": "2.0",
    },
    Object {
      "children": Array [
        Object {
          "asBrackets": true,
          "identifier": "test",
          "kind": "Signal",
          "loc": Object {
            "end": Object {
              "column": 23,
              "line": 5,
              "offset": 56,
            },
            "start": Object {
              "column": 2,
              "line": 5,
              "offset": 35,
            },
          },
          "parameters": Array [
            Object {
              "identifier": "arg",
              "type": "int",
            },
          ],
        },
      ],
      "identifier": "Rectangle",
      "kind": "ObjectDefinition",
      "loc": Object {
        "end": Object {
          "column": 1,
          "line": 7,
          "offset": 60,
        },
        "start": Object {
          "column": 0,
          "line": 3,
          "offset": 20,
        },
      },
    },
  ],
  "comments": Array [],
  "kind": "Program",
  "loc": Object {
    "end": Object {
      "column": 0,
      "line": 8,
      "offset": 61,
    },
    "start": Object {
      "column": 0,
      "line": 1,
      "offset": 0,
    },
  },
}
`;
