// Jest Snapshot v1, https://goo.gl/fbAQLP

exports[`renders correctly 1`] = `
Object {
  "children": Array [
    Object {
      "identifier": "QtQuick",
      "kind": "Import",
      "loc": Object {
        "end": Object {
          "column": 18,
          "line": 1,
          "offset": 18,
        },
        "start": Object {
          "column": 0,
          "line": 1,
          "offset": 0,
        },
      },
      "version": "2.0",
    },
    Object {
      "children": Array [
        Object {
          "identifier": "id",
          "kind": "ObjectIdentifier",
          "loc": Object {
            "end": Object {
              "column": 10,
              "line": 4,
              "offset": 42,
            },
            "start": Object {
              "column": 2,
              "line": 4,
              "offset": 34,
            },
          },
          "value": "base",
        },
        Object {
          "children": Array [
            Object {
              "identifier": "id",
              "kind": "ObjectIdentifier",
              "loc": Object {
                "end": Object {
                  "column": 14,
                  "line": 7,
                  "offset": 67,
                },
                "start": Object {
                  "column": 4,
                  "line": 7,
                  "offset": 57,
                },
              },
              "value": "nested",
            },
          ],
          "identifier": "Text",
          "kind": "ObjectDefinition",
          "loc": Object {
            "end": Object {
              "column": 3,
              "line": 8,
              "offset": 71,
            },
            "start": Object {
              "column": 2,
              "line": 6,
              "offset": 46,
            },
          },
        },
      ],
      "identifier": "Rectangle",
      "kind": "ObjectDefinition",
      "loc": Object {
        "end": Object {
          "column": 1,
          "line": 9,
          "offset": 73,
        },
        "start": Object {
          "column": 0,
          "line": 3,
          "offset": 20,
        },
      },
    },
  ],
  "comments": Array [],
  "kind": "Program",
  "loc": Object {
    "end": Object {
      "column": 0,
      "line": 10,
      "offset": 74,
    },
    "start": Object {
      "column": 0,
      "line": 1,
      "offset": 0,
    },
  },
}
`;
