// Jest Snapshot v1, https://goo.gl/fbAQLP

exports[`renders correctly 1`] = `
Object {
  "children": Array [
    Object {
      "identifier": "QtQuick",
      "kind": "Import",
      "loc": Object {
        "end": Object {
          "column": 18,
          "line": 1,
          "offset": 18,
        },
        "start": Object {
          "column": 0,
          "line": 1,
          "offset": 0,
        },
      },
      "version": "2.0",
    },
    Object {
      "children": Array [
        Object {
          "children": Array [
            Object {
              "identifier": "value",
              "kind": "Attribute",
              "loc": Object {
                "end": Object {
                  "column": 16,
                  "line": 6,
                  "offset": 70,
                },
                "start": Object {
                  "column": 4,
                  "line": 6,
                  "offset": 58,
                },
              },
              "value": Object {
                "kind": "JavascriptValue",
                "loc": Object {
                  "end": Object {
                    "column": 16,
                    "line": 6,
                    "offset": 70,
                  },
                  "start": Object {
                    "column": 11,
                    "line": 6,
                    "offset": 65,
                  },
                },
                "object": false,
                "value": "\\"red\\"",
              },
            },
          ],
          "identifier": "Binding",
          "kind": "ObjectDefinition",
          "loc": Object {
            "end": Object {
              "column": 3,
              "line": 7,
              "offset": 75,
            },
            "start": Object {
              "column": 2,
              "line": 5,
              "offset": 35,
            },
          },
          "on": "color",
        },
      ],
      "identifier": "Rectangle",
      "kind": "ObjectDefinition",
      "loc": Object {
        "end": Object {
          "column": 1,
          "line": 9,
          "offset": 78,
        },
        "start": Object {
          "column": 0,
          "line": 3,
          "offset": 20,
        },
      },
    },
  ],
  "comments": Array [],
  "kind": "Program",
  "loc": Object {
    "end": Object {
      "column": 0,
      "line": 10,
      "offset": 79,
    },
    "start": Object {
      "column": 0,
      "line": 1,
      "offset": 0,
    },
  },
}
`;
